Sender: LSF System <lsfadmin@r01n31>
Subject: Job 3814628: <mytest> in cluster <sustchpc> Done

Job <mytest> was submitted from host <login03> by user <mae-liq1> in cluster <sustchpc> at Fri Jun  3 15:43:18 2022.
Job was executed on host(s) <3*r01n31>, in queue <ser>, as user <mae-liq1> in cluster <sustchpc> at Fri Jun  3 15:43:19 2022.
                            <2*r01n06>
</work/mae-liq1> was used as the home directory.
</work/mae-liq1/hpc/HPC-Final-Project/test> was used as the working directory.
Started at Fri Jun  3 15:43:19 2022.
Terminated at Fri Jun  3 15:43:21 2022.
Results reported at Fri Jun  3 15:43:21 2022.

Your job looked like:

------------------------------------------------------------
# LSBATCH: User input
#BSUB -J mytest
#BSUB -q ser
#BSUB -e test-pro.err
#BSUB -o test-pro.out

module purge
module load hdf5/1.10.5-intel-2020.4
module load mpi/intel/2018.4

mpirun -np 2 ./test.out 


------------------------------------------------------------

Successfully completed.

Resource usage summary:

    CPU time :                                   0.34 sec.
    Max Memory :                                 -
    Average Memory :                             -
    Total Requested Memory :                     -
    Delta Memory :                               -
    Max Swap :                                   -
    Max Processes :                              -
    Max Threads :                                -
    Run time :                                   1 sec.
    Turnaround time :                            3 sec.

The output (if any) follows:



PS:

Read file <test-pro.err> for stderr output of this job.

